0 verbose cli C:\Program Files\nodejs\node.exe C:\Program Files\nodejs\node_modules\npm\bin\npm-cli.js
1 info using npm@10.9.2
2 info using node@v22.13.1
3 silly config load:file:C:\Program Files\nodejs\node_modules\npm\npmrc
4 silly config load:file:D:\Shaan\BISP\BISP_Projects\Production & Sales Planning\.npmrc
5 silly config load:file:C:\Users\Shaan Dewang\.npmrc
6 silly config load:file:C:\Users\Shaan Dewang\AppData\Roaming\npm\etc\npmrc
7 verbose title npm run build:static
8 verbose argv "run" "build:static"
9 verbose logfile logs-max:10 dir:D:\Shaan\BISP\BISP_Projects\Production & Sales Planning\out\.npm-cache\_logs\2026-09-29T11_09_56_968Z-
10 verbose logfile D:\Shaan\BISP\BISP_Projects\Production & Sales Planning\out\.npm-cache\_logs\2026-09-29T11_09_56_968Z-debug-0.log
11 silly logfile done cleaning log files
12 http fetch GET 200 https://registry.npmjs.org/npm 878ms
13 verbose cwd D:\Shaan\BISP\BISP_Projects\Production & Sales Planning\out
14 verbose os Windows_NT 10.0.26200
15 verbose node v22.13.1
16 verbose npm  v10.9.2
17 notice
17 notice New [31mmajor[39m version of npm available! [31m10.9.2[39m -> [34m12.1.0[39m
17 notice Changelog: [34mhttps://github.com/npm/cli/releases/tag/v12.1.0[39m
17 notice To update run: [4mnpm install -g npm@12.1.0[24m
17 notice  { force: true, [Symbol(proc-log.meta)]: true }
18 verbose exit 1
19 verbose code 1
